🚀 开始生成经典故事库绘本插图...
📊 共 20 个故事，160 张图片


📖 处理故事: 丑小鸭 (ugly-duckling)
  ⏳ 第 1 页...
     ⏭️  已存在，跳过
  ⏳ 第 2 页...
     ⏭️  已存在，跳过
  ⏳ 第 3 页...
     ⏭️  已存在，跳过
  ⏳ 第 4 页...
     ⏭️  已存在，跳过
  ⏳ 第 5 页...
     ⏭️  已存在，跳过
  ⏳ 第 6 页...
     🎨 正在生成图片...
     📥 下载中...
     ☁️ 上传中...
     ✅ 成功! URL: https://lhxrauqvqvehhqbzvzjr.supabase.co/storage/v1/object/public/classic-storie...
  ⏳ 第 7 页...
     🎨 正在生成图片...
     📥 下载中...
     ☁️ 上传中...
     ✅ 成功! URL: https://lhxrauqvqvehhqbzvzjr.supabase.co/storage/v1/object/public/classic-storie...
  ⏳ 第 8 页...
     🎨 正在生成图片...
     📥 下载中...
     ☁️ 上传中...
     ✅ 成功! URL: https://lhxrauqvqvehhqbzvzjr.supabase.co/storage/v1/object/public/classic-storie...

📖 处理故事: 拇指姑娘 (thumbelina)
  ⏳ 第 1 页...
     🎨 正在生成图片...
     📥 下载中...
     ☁️ 上传中...
     ✅ 成功! URL: https://lhxrauqvqvehhqbzvzjr.supabase.co/storage/v1/object/public/classic-storie...
  ⏳ 第 2 页...
     🎨 正在生成图片...
     📥 下载中...
     ☁️ 上传中...
     ✅ 成功! URL: https://lhxrauqvqvehhqbzvzjr.supabase.co/storage/v1/object/public/classic-storie...
  ⏳ 第 3 页...
     🎨 正在生成图片...
     📥 下载中...
     ☁️ 上传中...
     ✅ 成功! URL: https://lhxrauqvqvehhqbzvzjr.supabase.co/storage/v1/object/public/classic-storie...
  ⏳ 第 4 页...
     🎨 正在生成图片...
     📥 下载中...
     ☁️ 上传中...
     ✅ 成功! URL: https://lhxrauqvqvehhqbzvzjr.supabase.co/storage/v1/object/public/classic-storie...
  ⏳ 第 5 页...
     🎨 正在生成图片...
     📥 下载中...
     ☁️ 上传中...
     ✅ 成功! URL: https://lhxrauqvqvehhqbzvzjr.supabase.co/storage/v1/object/public/classic-storie...
  ⏳ 第 6 页...
     🎨 正在生成图片...
     📥 下载中...
     ☁️ 上传中...
     ✅ 成功! URL: https://lhxrauqvqvehhqbzvzjr.supabase.co/storage/v1/object/public/classic-storie...
  ⏳ 第 7 页...
     🎨 正在生成图片...
     📥 下载中...
     ☁️ 上传中...
     ✅ 成功! URL: https://lhxrauqvqvehhqbzvzjr.supabase.co/storage/v1/object/public/classic-storie...
  ⏳ 第 8 页...
     🎨 正在生成图片...
     📥 下载中...
     ☁️ 上传中...
     ✅ 成功! URL: https://lhxrauqvqvehhqbzvzjr.supabase.co/storage/v1/object/public/classic-storie...

📖 处理故事: 小意达的花儿 (flower-of-ida)
  ⏳ 第 1 页...
     🎨 正在生成图片...
     📥 下载中...
     ☁️ 上传中...
     ✅ 成功! URL: https://lhxrauqvqvehhqbzvzjr.supabase.co/storage/v1/object/public/classic-storie...
  ⏳ 第 2 页...
     🎨 正在生成图片...
     📥 下载中...
     ☁️ 上传中...
     ✅ 成功! URL: https://lhxrauqvqvehhqbzvzjr.supabase.co/storage/v1/object/public/classic-storie...
  ⏳ 第 3 页...
     🎨 正在生成图片...
     📥 下载中...
     ☁️ 上传中...
     ✅ 成功! URL: https://lhxrauqvqvehhqbzvzjr.supabase.co/storage/v1/object/public/classic-storie...
  ⏳ 第 4 页...
     🎨 正在生成图片...
     📥 下载中...
     ☁️ 上传中...
     ✅ 成功! URL: https://lhxrauqvqvehhqbzvzjr.supabase.co/storage/v1/object/public/classic-storie...
  ⏳ 第 5 页...
     🎨 正在生成图片...
     📥 下载中...
     ☁️ 上传中...
     ✅ 成功! URL: https://lhxrauqvqvehhqbzvzjr.supabase.co/storage/v1/object/public/classic-storie...
  ⏳ 第 6 页...
     🎨 正在生成图片...
     📥 下载中...
     ☁️ 上传中...
     ✅ 成功! URL: https://lhxrauqvqvehhqbzvzjr.supabase.co/storage/v1/object/public/classic-storie...
  ⏳ 第 7 页...
     🎨 正在生成图片...
     📥 下载中...
     ☁️ 上传中...
     ✅ 成功! URL: https://lhxrauqvqvehhqbzvzjr.supabase.co/storage/v1/object/public/classic-storie...
  ⏳ 第 8 页...
     🎨 正在生成图片...
     📥 下载中...
     ☁️ 上传中...
     ✅ 成功! URL: https://lhxrauqvqvehhqbzvzjr.supabase.co/storage/v1/object/public/classic-storie...

📖 处理故事: 夜莺 (nightingale)
  ⏳ 第 1 页...
     🎨 正在生成图片...
     📥 下载中...
     ☁️ 上传中...
     ✅ 成功! URL: https://lhxrauqvqvehhqbzvzjr.supabase.co/storage/v1/object/public/classic-storie...
  ⏳ 第 2 页...
     🎨 正在生成图片...
     📥 下载中...
     ☁️ 上传中...
     ✅ 成功! URL: https://lhxrauqvqvehhqbzvzjr.supabase.co/storage/v1/object/public/classic-storie...
  ⏳ 第 3 页...
     🎨 正在生成图片...
     📥 下载中...
     ☁️ 上传中...
     ✅ 成功! URL: https://lhxrauqvqvehhqbzvzjr.supabase.co/storage/v1/object/public/classic-storie...
  ⏳ 第 4 页...
     🎨 正在生成图片...
     📥 下载中...
     ☁️ 上传中...
     ✅ 成功! URL: https://lhxrauqvqvehhqbzvzjr.supabase.co/storage/v1/object/public/classic-storie...
  ⏳ 第 5 页...
     🎨 正在生成图片...
     📥 下载中...
     ☁️ 上传中...
     ✅ 成功! URL: https://lhxrauqvqvehhqbzvzjr.supabase.co/storage/v1/object/public/classic-storie...
  ⏳ 第 6 页...
     🎨 正在生成图片...
     📥 下载中...
     ☁️ 上传中...
     ✅ 成功! URL: https://lhxrauqvqvehhqbzvzjr.supabase.co/storage/v1/object/public/classic-storie...
  ⏳ 第 7 页...
     🎨 正在生成图片...
     📥 下载中...
     ☁️ 上传中...
     ✅ 成功! URL: https://lhxrauqvqvehhqbzvzjr.supabase.co/storage/v1/object/public/classic-storie...
  ⏳ 第 8 页...
     🎨 正在生成图片...
     📥 下载中...
     ☁️ 上传中...
     ✅ 成功! URL: https://lhxrauqvqvehhqbzvzjr.supabase.co/storage/v1/object/public/classic-storie...

📖 处理故事: 豌豆公主 (princess-pea)
  ⏳ 第 1 页...
     🎨 正在生成图片...
     📥 下载中...
     ☁️ 上传中...
     ✅ 成功! URL: https://lhxrauqvqvehhqbzvzjr.supabase.co/storage/v1/object/public/classic-storie...
  ⏳ 第 2 页...
     🎨 正在生成图片...
     📥 下载中...
     ☁️ 上传中...
     ✅ 成功! URL: https://lhxrauqvqvehhqbzvzjr.supabase.co/storage/v1/object/public/classic-storie...
  ⏳ 第 3 页...
     🎨 正在生成图片...
     📥 下载中...
     ☁️ 上传中...
     ✅ 成功! URL: https://lhxrauqvqvehhqbzvzjr.supabase.co/storage/v1/object/public/classic-storie...
  ⏳ 第 4 页...
     🎨 正在生成图片...
     📥 下载中...
     ☁️ 上传中...
     ✅ 成功! URL: https://lhxrauqvqvehhqbzvzjr.supabase.co/storage/v1/object/public/classic-storie...
  ⏳ 第 5 页...
     🎨 正在生成图片...
     📥 下载中...
     ☁️ 上传中...
     ✅ 成功! URL: https://lhxrauqvqvehhqbzvzjr.supabase.co/storage/v1/object/public/classic-storie...
  ⏳ 第 6 页...
     🎨 正在生成图片...
     📥 下载中...
     ☁️ 上传中...
     ✅ 成功! URL: https://lhxrauqvqvehhqbzvzjr.supabase.co/storage/v1/object/public/classic-storie...
  ⏳ 第 7 页...
     🎨 正在生成图片...
     📥 下载中...
     ☁️ 上传中...
     ✅ 成功! URL: https://lhxrauqvqvehhqbzvzjr.supabase.co/storage/v1/object/public/classic-storie...
  ⏳ 第 8 页...
     🎨 正在生成图片...
     📥 下载中...
     ☁️ 上传中...
     ✅ 成功! URL: https://lhxrauqvqvehhqbzvzjr.supabase.co/storage/v1/object/public/classic-storie...

📖 处理故事: 星星银币 (star-silver)
  ⏳ 第 1 页...
     🎨 正在生成图片...
     📥 下载中...
     ☁️ 上传中...
     ✅ 成功! URL: https://lhxrauqvqvehhqbzvzjr.supabase.co/storage/v1/object/public/classic-storie...
  ⏳ 第 2 页...
     🎨 正在生成图片...
     📥 下载中...
     ☁️ 上传中...
     ✅ 成功! URL: https://lhxrauqvqvehhqbzvzjr.supabase.co/storage/v1/object/public/classic-storie...
  ⏳ 第 3 页...
     🎨 正在生成图片...
     📥 下载中...
     ☁️ 上传中...
     ✅ 成功! URL: https://lhxrauqvqvehhqbzvzjr.supabase.co/storage/v1/object/public/classic-storie...
  ⏳ 第 4 页...
     🎨 正在生成图片...
     📥 下载中...
     ☁️ 上传中...
     ✅ 成功! URL: https://lhxrauqvqvehhqbzvzjr.supabase.co/storage/v1/object/public/classic-storie...
  ⏳ 第 5 页...
     🎨 正在生成图片...
     📥 下载中...
     ☁️ 上传中...
     ✅ 成功! URL: https://lhxrauqvqvehhqbzvzjr.supabase.co/storage/v1/object/public/classic-storie...
  ⏳ 第 6 页...
     🎨 正在生成图片...
     📥 下载中...
     ☁️ 上传中...
     ✅ 成功! URL: https://lhxrauqvqvehhqbzvzjr.supabase.co/storage/v1/object/public/classic-storie...
  ⏳ 第 7 页...
     🎨 正在生成图片...
     📥 下载中...
     ☁️ 上传中...
     ✅ 成功! URL: https://lhxrauqvqvehhqbzvzjr.supabase.co/storage/v1/object/public/classic-storie...
  ⏳ 第 8 页...
     🎨 正在生成图片...
     📥 下载中...
     ☁️ 上传中...
     ✅ 成功! URL: https://lhxrauqvqvehhqbzvzjr.supabase.co/storage/v1/object/public/classic-storie...

📖 处理故事: 睡美人 (sleeping-beauty)
  ⏳ 第 1 页...
     🎨 正在生成图片...
     📥 下载中...
     ☁️ 上传中...
     ✅ 成功! URL: https://lhxrauqvqvehhqbzvzjr.supabase.co/storage/v1/object/public/classic-storie...
  ⏳ 第 2 页...
     🎨 正在生成图片...
     📥 下载中...
     ☁️ 上传中...
     ✅ 成功! URL: https://lhxrauqvqvehhqbzvzjr.supabase.co/storage/v1/object/public/classic-storie...
  ⏳ 第 3 页...
     🎨 正在生成图片...
     📥 下载中...
     ☁️ 上传中...
     ✅ 成功! URL: https://lhxrauqvqvehhqbzvzjr.supabase.co/storage/v1/object/public/classic-storie...
  ⏳ 第 4 页...
     🎨 正在生成图片...
     📥 下载中...
     ☁️ 上传中...
     ✅ 成功! URL: https://lhxrauqvqvehhqbzvzjr.supabase.co/storage/v1/object/public/classic-storie...
  ⏳ 第 5 页...
     🎨 正在生成图片...
     📥 下载中...
     ☁️ 上传中...
     ✅ 成功! URL: https://lhxrauqvqvehhqbzvzjr.supabase.co/storage/v1/object/public/classic-storie...
  ⏳ 第 6 页...
     🎨 正在生成图片...
     📥 下载中...
     ☁️ 上传中...
     ✅ 成功! URL: https://lhxrauqvqvehhqbzvzjr.supabase.co/storage/v1/object/public/classic-storie...
  ⏳ 第 7 页...
     🎨 正在生成图片...
     📥 下载中...
     ☁️ 上传中...
     ✅ 成功! URL: https://lhxrauqvqvehhqbzvzjr.supabase.co/storage/v1/object/public/classic-storie...
  ⏳ 第 8 页...
     🎨 正在生成图片...
     📥 下载中...
     ☁️ 上传中...
     ✅ 成功! URL: https://lhxrauqvqvehhqbzvzjr.supabase.co/storage/v1/object/public/classic-storie...

📖 处理故事: 生命之水 (water-of-life)
  ⏳ 第 1 页...
     🎨 正在生成图片...
     📥 下载中...
     ☁️ 上传中...
     ✅ 成功! URL: https://lhxrauqvqvehhqbzvzjr.supabase.co/storage/v1/object/public/classic-storie...
  ⏳ 第 2 页...
     🎨 正在生成图片...
     📥 下载中...
     ☁️ 上传中...
     ✅ 成功! URL: https://lhxrauqvqvehhqbzvzjr.supabase.co/storage/v1/object/public/classic-storie...
  ⏳ 第 3 页...
     🎨 正在生成图片...
     📥 下载中...
     ☁️ 上传中...
     ✅ 成功! URL: https://lhxrauqvqvehhqbzvzjr.supabase.co/storage/v1/object/public/classic-storie...
  ⏳ 第 4 页...
     🎨 正在生成图片...
     📥 下载中...
     ☁️ 上传中...
     ✅ 成功! URL: https://lhxrauqvqvehhqbzvzjr.supabase.co/storage/v1/object/public/classic-storie...
  ⏳ 第 5 页...
     🎨 正在生成图片...
     📥 下载中...
     ☁️ 上传中...
     ✅ 成功! URL: https://lhxrauqvqvehhqbzvzjr.supabase.co/storage/v1/object/public/classic-storie...
  ⏳ 第 6 页...
     🎨 正在生成图片...
     📥 下载中...
     ☁️ 上传中...
     ✅ 成功! URL: https://lhxrauqvqvehhqbzvzjr.supabase.co/storage/v1/object/public/classic-storie...
  ⏳ 第 7 页...
     🎨 正在生成图片...
     📥 下载中...
     ☁️ 上传中...
     ✅ 成功! URL: https://lhxrauqvqvehhqbzvzjr.supabase.co/storage/v1/object/public/classic-storie...
  ⏳ 第 8 页...
     🎨 正在生成图片...
     📥 下载中...
     ☁️ 上传中...
     ✅ 成功! URL: https://lhxrauqvqvehhqbzvzjr.supabase.co/storage/v1/object/public/classic-storie...

📖 处理故事: 不莱梅的乐队 ( Bremen-musicians)
  ⏳ 第 1 页...
     🎨 正在生成图片...
     📥 下载中...
     ☁️ 上传中...
     ✅ 成功! URL: https://lhxrauqvqvehhqbzvzjr.supabase.co/storage/v1/object/public/classic-storie...
  ⏳ 第 2 页...
     🎨 正在生成图片...
     📥 下载中...
     ☁️ 上传中...
     ✅ 成功! URL: https://lhxrauqvqvehhqbzvzjr.supabase.co/storage/v1/object/public/classic-storie...
  ⏳ 第 3 页...
     🎨 正在生成图片...
     📥 下载中...
     ☁️ 上传中...
     ✅ 成功! URL: https://lhxrauqvqvehhqbzvzjr.supabase.co/storage/v1/object/public/classic-storie...
  ⏳ 第 4 页...
     🎨 正在生成图片...
     📥 下载中...
     ☁️ 上传中...
     ✅ 成功! URL: https://lhxrauqvqvehhqbzvzjr.supabase.co/storage/v1/object/public/classic-storie...
  ⏳ 第 5 页...
     🎨 正在生成图片...
     📥 下载中...
     ☁️ 上传中...
     ✅ 成功! URL: https://lhxrauqvqvehhqbzvzjr.supabase.co/storage/v1/object/public/classic-storie...
  ⏳ 第 6 页...
     🎨 正在生成图片...
     📥 下载中...
     ☁️ 上传中...
     ✅ 成功! URL: https://lhxrauqvqvehhqbzvzjr.supabase.co/storage/v1/object/public/classic-storie...
  ⏳ 第 7 页...
     🎨 正在生成图片...
     📥 下载中...
     ☁️ 上传中...
     ✅ 成功! URL: https://lhxrauqvqvehhqbzvzjr.supabase.co/storage/v1/object/public/classic-storie...
  ⏳ 第 8 页...
     🎨 正在生成图片...
     📥 下载中...
     ☁️ 上传中...
     ✅ 成功! URL: https://lhxrauqvqvehhqbzvzjr.supabase.co/storage/v1/object/public/classic-storie...

📖 处理故事: 嫦娥奔月 (chang-e-flight)
  ⏳ 第 1 页...
     🎨 正在生成图片...
     📥 下载中...
     ☁️ 上传中...
     ✅ 成功! URL: https://lhxrauqvqvehhqbzvzjr.supabase.co/storage/v1/object/public/classic-storie...
  ⏳ 第 2 页...
     🎨 正在生成图片...
     📥 下载中...
     ☁️ 上传中...
     ✅ 成功! URL: https://lhxrauqvqvehhqbzvzjr.supabase.co/storage/v1/object/public/classic-storie...
  ⏳ 第 3 页...
     🎨 正在生成图片...
     📥 下载中...
     ☁️ 上传中...
     ✅ 成功! URL: https://lhxrauqvqvehhqbzvzjr.supabase.co/storage/v1/object/public/classic-storie...
  ⏳ 第 4 页...
     🎨 正在生成图片...
     📥 下载中...
     ☁️ 上传中...
     ✅ 成功! URL: https://lhxrauqvqvehhqbzvzjr.supabase.co/storage/v1/object/public/classic-storie...
  ⏳ 第 5 页...
     🎨 正在生成图片...
     📥 下载中...
     ☁️ 上传中...
     ✅ 成功! URL: https://lhxrauqvqvehhqbzvzjr.supabase.co/storage/v1/object/public/classic-storie...
  ⏳ 第 6 页...
     🎨 正在生成图片...
     📥 下载中...
     ☁️ 上传中...
     ✅ 成功! URL: https://lhxrauqvqvehhqbzvzjr.supabase.co/storage/v1/object/public/classic-storie...
  ⏳ 第 7 页...
     🎨 正在生成图片...
     📥 下载中...
     ☁️ 上传中...
     ✅ 成功! URL: https://lhxrauqvqvehhqbzvzjr.supabase.co/storage/v1/object/public/classic-storie...
  ⏳ 第 8 页...
     🎨 正在生成图片...
     📥 下载中...
     ☁️ 上传中...
     ✅ 成功! URL: https://lhxrauqvqvehhqbzvzjr.supabase.co/storage/v1/object/public/classic-storie...

📖 处理故事: 牛郎织女 (cowherd-weaver)
  ⏳ 第 1 页...
     🎨 正在生成图片...
     📥 下载中...
     ☁️ 上传中...
     ✅ 成功! URL: https://lhxrauqvqvehhqbzvzjr.supabase.co/storage/v1/object/public/classic-storie...
  ⏳ 第 2 页...
     🎨 正在生成图片...
     📥 下载中...
     ☁️ 上传中...
     ✅ 成功! URL: https://lhxrauqvqvehhqbzvzjr.supabase.co/storage/v1/object/public/classic-storie...
  ⏳ 第 3 页...
     🎨 正在生成图片...
     📥 下载中...
     ☁️ 上传中...
     ✅ 成功! URL: https://lhxrauqvqvehhqbzvzjr.supabase.co/storage/v1/object/public/classic-storie...
  ⏳ 第 4 页...
     🎨 正在生成图片...
     📥 下载中...
     ☁️ 上传中...
     ✅ 成功! URL: https://lhxrauqvqvehhqbzvzjr.supabase.co/storage/v1/object/public/classic-storie...
  ⏳ 第 5 页...
     🎨 正在生成图片...
     📥 下载中...
     ☁️ 上传中...
     ✅ 成功! URL: https://lhxrauqvqvehhqbzvzjr.supabase.co/storage/v1/object/public/classic-storie...
  ⏳ 第 6 页...
     🎨 正在生成图片...
     📥 下载中...
     ☁️ 上传中...
     ✅ 成功! URL: https://lhxrauqvqvehhqbzvzjr.supabase.co/storage/v1/object/public/classic-storie...
  ⏳ 第 7 页...
     🎨 正在生成图片...
     📥 下载中...
     ☁️ 上传中...
     ✅ 成功! URL: https://lhxrauqvqvehhqbzvzjr.supabase.co/storage/v1/object/public/classic-storie...
  ⏳ 第 8 页...
     🎨 正在生成图片...
     📥 下载中...
     ☁️ 上传中...
     ✅ 成功! URL: https://lhxrauqvqvehhqbzvzjr.supabase.co/storage/v1/object/public/classic-storie...

📖 处理故事: 猴子捞月 (monkey-moon)
  ⏳ 第 1 页...
     🎨 正在生成图片...
     📥 下载中...
     ☁️ 上传中...
     ✅ 成功! URL: https://lhxrauqvqvehhqbzvzjr.supabase.co/storage/v1/object/public/classic-storie...
  ⏳ 第 2 页...
     🎨 正在生成图片...
     📥 下载中...
     ☁️ 上传中...
     ✅ 成功! URL: https://lhxrauqvqvehhqbzvzjr.supabase.co/storage/v1/object/public/classic-storie...
  ⏳ 第 3 页...
     🎨 正在生成图片...
     📥 下载中...
     ☁️ 上传中...
     ✅ 成功! URL: https://lhxrauqvqvehhqbzvzjr.supabase.co/storage/v1/object/public/classic-storie...
  ⏳ 第 4 页...
     🎨 正在生成图片...
     📥 下载中...
     ☁️ 上传中...
     ✅ 成功! URL: https://lhxrauqvqvehhqbzvzjr.supabase.co/storage/v1/object/public/classic-storie...
  ⏳ 第 5 页...
     🎨 正在生成图片...
     📥 下载中...
     ☁️ 上传中...
     ✅ 成功! URL: https://lhxrauqvqvehhqbzvzjr.supabase.co/storage/v1/object/public/classic-storie...
  ⏳ 第 6 页...
     🎨 正在生成图片...
     📥 下载中...
     ☁️ 上传中...
     ✅ 成功! URL: https://lhxrauqvqvehhqbzvzjr.supabase.co/storage/v1/object/public/classic-storie...
  ⏳ 第 7 页...
     🎨 正在生成图片...
     📥 下载中...
     ☁️ 上传中...
     ✅ 成功! URL: https://lhxrauqvqvehhqbzvzjr.supabase.co/storage/v1/object/public/classic-storie...
  ⏳ 第 8 页...
     🎨 正在生成图片...
     📥 下载中...
     ☁️ 上传中...
     ✅ 成功! URL: https://lhxrauqvqvehhqbzvzjr.supabase.co/storage/v1/object/public/classic-storie...

📖 处理故事: 小马过河 (pony-crossing)
  ⏳ 第 1 页...
     🎨 正在生成图片...
     📥 下载中...
     ☁️ 上传中...
     ✅ 成功! URL: https://lhxrauqvqvehhqbzvzjr.supabase.co/storage/v1/object/public/classic-storie...
  ⏳ 第 2 页...
     🎨 正在生成图片...
     📥 下载中...
     ☁️ 上传中...
     ✅ 成功! URL: https://lhxrauqvqvehhqbzvzjr.supabase.co/storage/v1/object/public/classic-storie...
  ⏳ 第 3 页...
     🎨 正在生成图片...
     📥 下载中...
     ☁️ 上传中...
     ✅ 成功! URL: https://lhxrauqvqvehhqbzvzjr.supabase.co/storage/v1/object/public/classic-storie...
  ⏳ 第 4 页...
     🎨 正在生成图片...
     📥 下载中...
     ☁️ 上传中...
     ✅ 成功! URL: https://lhxrauqvqvehhqbzvzjr.supabase.co/storage/v1/object/public/classic-storie...
  ⏳ 第 5 页...
     🎨 正在生成图片...
     📥 下载中...
     ☁️ 上传中...
     ✅ 成功! URL: https://lhxrauqvqvehhqbzvzjr.supabase.co/storage/v1/object/public/classic-storie...
  ⏳ 第 6 页...
     🎨 正在生成图片...
     📥 下载中...
     ☁️ 上传中...
     ✅ 成功! URL: https://lhxrauqvqvehhqbzvzjr.supabase.co/storage/v1/object/public/classic-storie...
  ⏳ 第 7 页...
     🎨 正在生成图片...
     📥 下载中...
     ☁️ 上传中...
     ✅ 成功! URL: https://lhxrauqvqvehhqbzvzjr.supabase.co/storage/v1/object/public/classic-storie...
  ⏳ 第 8 页...
     🎨 正在生成图片...
     📥 下载中...
     ☁️ 上传中...
     ✅ 成功! URL: https://lhxrauqvqvehhqbzvzjr.supabase.co/storage/v1/object/public/classic-storie...

📖 处理故事: 神笔马良 (magic-brush)
  ⏳ 第 1 页...
     🎨 正在生成图片...
     📥 下载中...
     ☁️ 上传中...
     ✅ 成功! URL: https://lhxrauqvqvehhqbzvzjr.supabase.co/storage/v1/object/public/classic-storie...
  ⏳ 第 2 页...
     🎨 正在生成图片...
     📥 下载中...
     ☁️ 上传中...
     ✅ 成功! URL: https://lhxrauqvqvehhqbzvzjr.supabase.co/storage/v1/object/public/classic-storie...
  ⏳ 第 3 页...
     🎨 正在生成图片...
     📥 下载中...
     ☁️ 上传中...
     ✅ 成功! URL: https://lhxrauqvqvehhqbzvzjr.supabase.co/storage/v1/object/public/classic-storie...
  ⏳ 第 4 页...
     🎨 正在生成图片...
     📥 下载中...
     ☁️ 上传中...
     ✅ 成功! URL: https://lhxrauqvqvehhqbzvzjr.supabase.co/storage/v1/object/public/classic-storie...
  ⏳ 第 5 页...
     🎨 正在生成图片...
     📥 下载中...
     ☁️ 上传中...
     ✅ 成功! URL: https://lhxrauqvqvehhqbzvzjr.supabase.co/storage/v1/object/public/classic-storie...
  ⏳ 第 6 页...
     🎨 正在生成图片...
     📥 下载中...
     ☁️ 上传中...
     ✅ 成功! URL: https://lhxrauqvqvehhqbzvzjr.supabase.co/storage/v1/object/public/classic-storie...
  ⏳ 第 7 页...
     🎨 正在生成图片...
     📥 下载中...
     ☁️ 上传中...
     ✅ 成功! URL: https://lhxrauqvqvehhqbzvzjr.supabase.co/storage/v1/object/public/classic-storie...
  ⏳ 第 8 页...
     🎨 正在生成图片...
     📥 下载中...
     ☁️ 上传中...
     ✅ 成功! URL: https://lhxrauqvqvehhqbzvzjr.supabase.co/storage/v1/object/public/classic-storie...

📖 处理故事: 九色鹿 (nine-colored-deer)
  ⏳ 第 1 页...
     🎨 正在生成图片...
     📥 下载中...
     ☁️ 上传中...
     ✅ 成功! URL: https://lhxrauqvqvehhqbzvzjr.supabase.co/storage/v1/object/public/classic-storie...
  ⏳ 第 2 页...
     🎨 正在生成图片...
     📥 下载中...
     ☁️ 上传中...
     ✅ 成功! URL: https://lhxrauqvqvehhqbzvzjr.supabase.co/storage/v1/object/public/classic-storie...
  ⏳ 第 3 页...
     🎨 正在生成图片...
     📥 下载中...
     ☁️ 上传中...
     ✅ 成功! URL: https://lhxrauqvqvehhqbzvzjr.supabase.co/storage/v1/object/public/classic-storie...
  ⏳ 第 4 页...
     🎨 正在生成图片...
     📥 下载中...
     ☁️ 上传中...
     ✅ 成功! URL: https://lhxrauqvqvehhqbzvzjr.supabase.co/storage/v1/object/public/classic-storie...
  ⏳ 第 5 页...
     🎨 正在生成图片...
     📥 下载中...
     ☁️ 上传中...
     ✅ 成功! URL: https://lhxrauqvqvehhqbzvzjr.supabase.co/storage/v1/object/public/classic-storie...
  ⏳ 第 6 页...
     🎨 正在生成图片...
     📥 下载中...
     ☁️ 上传中...
     ✅ 成功! URL: https://lhxrauqvqvehhqbzvzjr.supabase.co/storage/v1/object/public/classic-storie...
  ⏳ 第 7 页...
     🎨 正在生成图片...
     📥 下载中...
     ☁️ 上传中...
     ✅ 成功! URL: https://lhxrauqvqvehhqbzvzjr.supabase.co/storage/v1/object/public/classic-storie...
  ⏳ 第 8 页...
     🎨 正在生成图片...
     📥 下载中...
     ☁️ 上传中...
     ✅ 成功! URL: https://lhxrauqvqvehhqbzvzjr.supabase.co/storage/v1/object/public/classic-storie...

📖 处理故事: 龟兔赛跑 (tortoise-hare)
  ⏳ 第 1 页...
     🎨 正在生成图片...
     📥 下载中...
     ☁️ 上传中...
     ✅ 成功! URL: https://lhxrauqvqvehhqbzvzjr.supabase.co/storage/v1/object/public/classic-storie...
  ⏳ 第 2 页...
     🎨 正在生成图片...
     📥 下载中...
     ☁️ 上传中...
     ✅ 成功! URL: https://lhxrauqvqvehhqbzvzjr.supabase.co/storage/v1/object/public/classic-storie...
  ⏳ 第 3 页...
     🎨 正在生成图片...
     📥 下载中...
     ☁️ 上传中...
     ✅ 成功! URL: https://lhxrauqvqvehhqbzvzjr.supabase.co/storage/v1/object/public/classic-storie...
  ⏳ 第 4 页...
     🎨 正在生成图片...
     📥 下载中...
     ☁️ 上传中...
     ✅ 成功! URL: https://lhxrauqvqvehhqbzvzjr.supabase.co/storage/v1/object/public/classic-storie...
  ⏳ 第 5 页...
     🎨 正在生成图片...
     📥 下载中...
     ☁️ 上传中...
     ✅ 成功! URL: https://lhxrauqvqvehhqbzvzjr.supabase.co/storage/v1/object/public/classic-storie...
  ⏳ 第 6 页...
     🎨 正在生成图片...
     📥 下载中...
     ☁️ 上传中...
     ✅ 成功! URL: https://lhxrauqvqvehhqbzvzjr.supabase.co/storage/v1/object/public/classic-storie...
  ⏳ 第 7 页...
     🎨 正在生成图片...
     📥 下载中...
     ☁️ 上传中...
     ✅ 成功! URL: https://lhxrauqvqvehhqbzvzjr.supabase.co/storage/v1/object/public/classic-storie...
  ⏳ 第 8 页...
     🎨 正在生成图片...
     📥 下载中...
     ☁️ 上传中...
     ✅ 成功! URL: https://lhxrauqvqvehhqbzvzjr.supabase.co/storage/v1/object/public/classic-storie...

📖 处理故事: 狮子和老鼠 (lion-mouse)
  ⏳ 第 1 页...
     🎨 正在生成图片...
     📥 下载中...
     ☁️ 上传中...
     ✅ 成功! URL: https://lhxrauqvqvehhqbzvzjr.supabase.co/storage/v1/object/public/classic-storie...
  ⏳ 第 2 页...
     🎨 正在生成图片...
     📥 下载中...
     ☁️ 上传中...
     ✅ 成功! URL: https://lhxrauqvqvehhqbzvzjr.supabase.co/storage/v1/object/public/classic-storie...
  ⏳ 第 3 页...
     🎨 正在生成图片...
     📥 下载中...
     ☁️ 上传中...
     ✅ 成功! URL: https://lhxrauqvqvehhqbzvzjr.supabase.co/storage/v1/object/public/classic-storie...
  ⏳ 第 4 页...
     🎨 正在生成图片...
     📥 下载中...
     ☁️ 上传中...
     ✅ 成功! URL: https://lhxrauqvqvehhqbzvzjr.supabase.co/storage/v1/object/public/classic-storie...
  ⏳ 第 5 页...
     🎨 正在生成图片...
     📥 下载中...
     ☁️ 上传中...
     ✅ 成功! URL: https://lhxrauqvqvehhqbzvzjr.supabase.co/storage/v1/object/public/classic-storie...
  ⏳ 第 6 页...
     🎨 正在生成图片...
     📥 下载中...
     ☁️ 上传中...
     ✅ 成功! URL: https://lhxrauqvqvehhqbzvzjr.supabase.co/storage/v1/object/public/classic-storie...
  ⏳ 第 7 页...
     🎨 正在生成图片...
     📥 下载中...
     ☁️ 上传中...
     ✅ 成功! URL: https://lhxrauqvqvehhqbzvzjr.supabase.co/storage/v1/object/public/classic-storie...
  ⏳ 第 8 页...
     🎨 正在生成图片...
     📥 下载中...
     ☁️ 上传中...
     ✅ 成功! URL: https://lhxrauqvqvehhqbzvzjr.supabase.co/storage/v1/object/public/classic-storie...

📖 处理故事: 北风和太阳 (north-wind-sun)
  ⏳ 第 1 页...
     🎨 正在生成图片...
     📥 下载中...
     ☁️ 上传中...
     ✅ 成功! URL: https://lhxrauqvqvehhqbzvzjr.supabase.co/storage/v1/object/public/classic-storie...
  ⏳ 第 2 页...
     🎨 正在生成图片...
     📥 下载中...
     ☁️ 上传中...
     ✅ 成功! URL: https://lhxrauqvqvehhqbzvzjr.supabase.co/storage/v1/object/public/classic-storie...
  ⏳ 第 3 页...
     🎨 正在生成图片...
     📥 下载中...
     ☁️ 上传中...
     ✅ 成功! URL: https://lhxrauqvqvehhqbzvzjr.supabase.co/storage/v1/object/public/classic-storie...
  ⏳ 第 4 页...
     🎨 正在生成图片...
     ⚠️ 失败 (1/3): API Error: 400 - {"code":"Arrearage","message":"Access denied, please make sure your account is in good standing. For details, see: https://help.aliyun.com/zh/model-studio/error-code#overdue-payment","request_id":"c6071bea-5946-98c5-b8ec-91c5b22ffb15"}
     🔄 5秒后重试...
     🎨 正在生成图片...
     ⚠️ 失败 (2/3): API Error: 400 - {"code":"Arrearage","message":"Access denied, please make sure your account is in good standing. For details, see: https://help.aliyun.com/zh/model-studio/error-code#overdue-payment","request_id":"919472c6-ddcb-999f-aa0e-4540bf6df5ab"}
     🔄 5秒后重试...
     🎨 正在生成图片...
     ⚠️ 失败 (3/3): API Error: 400 - {"code":"Arrearage","message":"Access denied, please make sure your account is in good standing. For details, see: https://help.aliyun.com/zh/model-studio/error-code#overdue-payment","request_id":"150ef3c5-bc05-908d-a61a-e3e391f02ad4"}
     ❌ 放弃此页
  ⏳ 第 5 页...
     🎨 正在生成图片...
     ⚠️ 失败 (1/3): API Error: 400 - {"code":"Arrearage","message":"Access denied, please make sure your account is in good standing. For details, see: https://help.aliyun.com/zh/model-studio/error-code#overdue-payment","request_id":"f3b8e18a-cb11-91c5-8387-22eff6806e4c"}
     🔄 5秒后重试...
     🎨 正在生成图片...
     ⚠️ 失败 (2/3): API Error: 400 - {"code":"Arrearage","message":"Access denied, please make sure your account is in good standing. For details, see: https://help.aliyun.com/zh/model-studio/error-code#overdue-payment","request_id":"e44d44f6-91ed-9dd3-80fb-73a8c17ed058"}
     🔄 5秒后重试...
     🎨 正在生成图片...
     ⚠️ 失败 (3/3): API Error: 400 - {"code":"Arrearage","message":"Access denied, please make sure your account is in good standing. For details, see: https://help.aliyun.com/zh/model-studio/error-code#overdue-payment","request_id":"0891e2d0-bf98-9c0a-a730-446a089fb844"}
     ❌ 放弃此页
  ⏳ 第 6 页...
     🎨 正在生成图片...
     ⚠️ 失败 (1/3): API Error: 400 - {"code":"Arrearage","message":"Access denied, please make sure your account is in good standing. For details, see: https://help.aliyun.com/zh/model-studio/error-code#overdue-payment","request_id":"a9c76b0e-0d3a-9228-8c1c-be609c7de63a"}
     🔄 5秒后重试...
     🎨 正在生成图片...
     ⚠️ 失败 (2/3): API Error: 400 - {"code":"Arrearage","message":"Access denied, please make sure your account is in good standing. For details, see: https://help.aliyun.com/zh/model-studio/error-code#overdue-payment","request_id":"b135788e-dc10-91cd-9559-e286b925b89e"}
     🔄 5秒后重试...
     🎨 正在生成图片...
     ⚠️ 失败 (3/3): API Error: 400 - {"code":"Arrearage","message":"Access denied, please make sure your account is in good standing. For details, see: https://help.aliyun.com/zh/model-studio/error-code#overdue-payment","request_id":"6a71644d-0eee-9f79-ac8b-6a1c77734cd2"}
     ❌ 放弃此页
  ⏳ 第 7 页...
     🎨 正在生成图片...
     ⚠️ 失败 (1/3): API Error: 400 - {"code":"Arrearage","message":"Access denied, please make sure your account is in good standing. For details, see: https://help.aliyun.com/zh/model-studio/error-code#overdue-payment","request_id":"b5516499-116b-9ffd-a008-dec8b4e5eaa6"}
     🔄 5秒后重试...
     🎨 正在生成图片...
     ⚠️ 失败 (2/3): API Error: 400 - {"code":"Arrearage","message":"Access denied, please make sure your account is in good standing. For details, see: https://help.aliyun.com/zh/model-studio/error-code#overdue-payment","request_id":"323df69a-fcc9-9e26-bb52-5c68d5291dab"}
     🔄 5秒后重试...
     🎨 正在生成图片...
     ⚠️ 失败 (3/3): API Error: 400 - {"code":"Arrearage","message":"Access denied, please make sure your account is in good standing. For details, see: https://help.aliyun.com/zh/model-studio/error-code#overdue-payment","request_id":"1aa52ea4-a3b5-9700-98f6-458190f6243c"}
     ❌ 放弃此页
  ⏳ 第 8 页...
     🎨 正在生成图片...
     ⚠️ 失败 (1/3): API Error: 400 - {"code":"Arrearage","message":"Access denied, please make sure your account is in good standing. For details, see: https://help.aliyun.com/zh/model-studio/error-code#overdue-payment","request_id":"f6e0af93-0512-91dc-b2cb-2aa05a176935"}
     🔄 5秒后重试...
     🎨 正在生成图片...
     ⚠️ 失败 (2/3): API Error: 400 - {"code":"Arrearage","message":"Access denied, please make sure your account is in good standing. For details, see: https://help.aliyun.com/zh/model-studio/error-code#overdue-payment","request_id":"4638ff48-caba-9eda-b44e-3be3e7e59e52"}
     🔄 5秒后重试...
     🎨 正在生成图片...
     ⚠️ 失败 (3/3): API Error: 400 - {"code":"Arrearage","message":"Access denied, please make sure your account is in good standing. For details, see: https://help.aliyun.com/zh/model-studio/error-code#overdue-payment","request_id":"a17c3e26-ed3b-987f-9566-73a09b65076d"}
     ❌ 放弃此页

📖 处理故事: 阿拉丁神灯 (alaaddin)
  ⏳ 第 1 页...
     🎨 正在生成图片...
     ⚠️ 失败 (1/3): API Error: 400 - {"code":"Arrearage","message":"Access denied, please make sure your account is in good standing. For details, see: https://help.aliyun.com/zh/model-studio/error-code#overdue-payment","request_id":"f5907872-f4c7-901b-8d8f-51c0a370ba05"}
     🔄 5秒后重试...
     🎨 正在生成图片...
     ⚠️ 失败 (2/3): API Error: 400 - {"code":"Arrearage","message":"Access denied, please make sure your account is in good standing. For details, see: https://help.aliyun.com/zh/model-studio/error-code#overdue-payment","request_id":"c84443f0-5284-997a-91a2-40ca4416ef77"}
     🔄 5秒后重试...
     🎨 正在生成图片...
     ⚠️ 失败 (3/3): API Error: 400 - {"code":"Arrearage","message":"Access denied, please make sure your account is in good standing. For details, see: https://help.aliyun.com/zh/model-studio/error-code#overdue-payment","request_id":"8d7011e8-3818-995e-ba70-bbb84f09b0fb"}
     ❌ 放弃此页
  ⏳ 第 2 页...
     🎨 正在生成图片...
     ⚠️ 失败 (1/3): API Error: 400 - {"code":"Arrearage","message":"Access denied, please make sure your account is in good standing. For details, see: https://help.aliyun.com/zh/model-studio/error-code#overdue-payment","request_id":"d06bb9fa-1023-967a-9518-a7c6dd98d8be"}
     🔄 5秒后重试...
     🎨 正在生成图片...
     ⚠️ 失败 (2/3): API Error: 400 - {"code":"Arrearage","message":"Access denied, please make sure your account is in good standing. For details, see: https://help.aliyun.com/zh/model-studio/error-code#overdue-payment","request_id":"e33601dc-7a19-9800-9d4f-0fd91391d396"}
     🔄 5秒后重试...
     🎨 正在生成图片...
     ⚠️ 失败 (3/3): API Error: 400 - {"code":"Arrearage","message":"Access denied, please make sure your account is in good standing. For details, see: https://help.aliyun.com/zh/model-studio/error-code#overdue-payment","request_id":"e268782d-e301-9846-8cf4-30a5a0ed31df"}
     ❌ 放弃此页
  ⏳ 第 3 页...
     🎨 正在生成图片...
     ⚠️ 失败 (1/3): API Error: 400 - {"code":"Arrearage","message":"Access denied, please make sure your account is in good standing. For details, see: https://help.aliyun.com/zh/model-studio/error-code#overdue-payment","request_id":"fe3c9808-d681-9277-a9ef-acf7044639c6"}
     🔄 5秒后重试...
     🎨 正在生成图片...
     ⚠️ 失败 (2/3): API Error: 400 - {"code":"Arrearage","message":"Access denied, please make sure your account is in good standing. For details, see: https://help.aliyun.com/zh/model-studio/error-code#overdue-payment","request_id":"4b6cd5fa-1261-97ad-94e3-eca8ec4372ba"}
     🔄 5秒后重试...
     🎨 正在生成图片...
     ⚠️ 失败 (3/3): API Error: 400 - {"code":"Arrearage","message":"Access denied, please make sure your account is in good standing. For details, see: https://help.aliyun.com/zh/model-studio/error-code#overdue-payment","request_id":"470c458e-0ad0-9218-805c-f61bb770fbeb"}
     ❌ 放弃此页
  ⏳ 第 4 页...
     🎨 正在生成图片...
     ⚠️ 失败 (1/3): API Error: 400 - {"code":"Arrearage","message":"Access denied, please make sure your account is in good standing. For details, see: https://help.aliyun.com/zh/model-studio/error-code#overdue-payment","request_id":"d1fec8b3-6a4a-97ba-97f7-9cdb8540c515"}
     🔄 5秒后重试...
     🎨 正在生成图片...
     ⚠️ 失败 (2/3): API Error: 400 - {"code":"Arrearage","message":"Access denied, please make sure your account is in good standing. For details, see: https://help.aliyun.com/zh/model-studio/error-code#overdue-payment","request_id":"0b260788-84a0-923e-bb26-a4032759800e"}
     🔄 5秒后重试...
     🎨 正在生成图片...
     ⚠️ 失败 (3/3): API Error: 400 - {"code":"Arrearage","message":"Access denied, please make sure your account is in good standing. For details, see: https://help.aliyun.com/zh/model-studio/error-code#overdue-payment","request_id":"fe7a386c-827f-96bc-a5c1-116c3d3a0508"}
     ❌ 放弃此页
  ⏳ 第 5 页...
     🎨 正在生成图片...
     ⚠️ 失败 (1/3): API Error: 400 - {"code":"Arrearage","message":"Access denied, please make sure your account is in good standing. For details, see: https://help.aliyun.com/zh/model-studio/error-code#overdue-payment","request_id":"c7afa378-be7e-9d67-8650-7faa49ace9c0"}
     🔄 5秒后重试...
     🎨 正在生成图片...
     ⚠️ 失败 (2/3): API Error: 400 - {"code":"Arrearage","message":"Access denied, please make sure your account is in good standing. For details, see: https://help.aliyun.com/zh/model-studio/error-code#overdue-payment","request_id":"b8eb09f4-e2cf-974c-8771-17c818d36474"}
     🔄 5秒后重试...
     🎨 正在生成图片...
     ⚠️ 失败 (3/3): API Error: 400 - {"code":"Arrearage","message":"Access denied, please make sure your account is in good standing. For details, see: https://help.aliyun.com/zh/model-studio/error-code#overdue-payment","request_id":"c67b73e9-92e9-9f06-8495-ba34a0a4438a"}
     ❌ 放弃此页
  ⏳ 第 6 页...
     🎨 正在生成图片...
     ⚠️ 失败 (1/3): API Error: 400 - {"code":"Arrearage","message":"Access denied, please make sure your account is in good standing. For details, see: https://help.aliyun.com/zh/model-studio/error-code#overdue-payment","request_id":"de80bd71-dbed-9e15-bed0-3f95a497b50f"}
     🔄 5秒后重试...
     🎨 正在生成图片...
     ⚠️ 失败 (2/3): API Error: 400 - {"code":"Arrearage","message":"Access denied, please make sure your account is in good standing. For details, see: https://help.aliyun.com/zh/model-studio/error-code#overdue-payment","request_id":"a84ad8a2-798a-964b-8a66-26a24ab38603"}
     🔄 5秒后重试...
     🎨 正在生成图片...
     ⚠️ 失败 (3/3): API Error: 400 - {"code":"Arrearage","message":"Access denied, please make sure your account is in good standing. For details, see: https://help.aliyun.com/zh/model-studio/error-code#overdue-payment","request_id":"cfc8597e-35ef-91ce-ae08-ddd0f67d7bd0"}
     ❌ 放弃此页
  ⏳ 第 7 页...
     🎨 正在生成图片...
     ⚠️ 失败 (1/3): API Error: 400 - {"code":"Arrearage","message":"Access denied, please make sure your account is in good standing. For details, see: https://help.aliyun.com/zh/model-studio/error-code#overdue-payment","request_id":"1b471697-1abd-9a8c-a5bb-92cb70dd74ed"}
     🔄 5秒后重试...
     🎨 正在生成图片...
     ⚠️ 失败 (2/3): API Error: 400 - {"code":"Arrearage","message":"Access denied, please make sure your account is in good standing. For details, see: https://help.aliyun.com/zh/model-studio/error-code#overdue-payment","request_id":"429d2e1c-f795-9f3f-b215-fe7a35dbf670"}
     🔄 5秒后重试...
     🎨 正在生成图片...
     ⚠️ 失败 (3/3): API Error: 400 - {"code":"Arrearage","message":"Access denied, please make sure your account is in good standing. For details, see: https://help.aliyun.com/zh/model-studio/error-code#overdue-payment","request_id":"0e0bbaec-ac5d-9634-b3ce-31aa59f69566"}
     ❌ 放弃此页
  ⏳ 第 8 页...
     🎨 正在生成图片...
     ⚠️ 失败 (1/3): API Error: 400 - {"code":"Arrearage","message":"Access denied, please make sure your account is in good standing. For details, see: https://help.aliyun.com/zh/model-studio/error-code#overdue-payment","request_id":"a0b31cdc-cdb4-955b-ad97-dfac82a238a3"}
     🔄 5秒后重试...
     🎨 正在生成图片...
     ⚠️ 失败 (2/3): API Error: 400 - {"code":"Arrearage","message":"Access denied, please make sure your account is in good standing. For details, see: https://help.aliyun.com/zh/model-studio/error-code#overdue-payment","request_id":"5b72d5f3-d010-9de5-9f24-51c074f52765"}
     🔄 5秒后重试...
     🎨 正在生成图片...
     ⚠️ 失败 (3/3): API Error: 400 - {"code":"Arrearage","message":"Access denied, please make sure your account is in good standing. For details, see: https://help.aliyun.com/zh/model-studio/error-code#overdue-payment","request_id":"c94c3888-28f4-98d9-bc60-f95add467280"}
     ❌ 放弃此页

📖 处理故事: 阿里巴巴与四十大盗 (ali-baba)
  ⏳ 第 1 页...
     🎨 正在生成图片...
     ⚠️ 失败 (1/3): API Error: 400 - {"code":"Arrearage","message":"Access denied, please make sure your account is in good standing. For details, see: https://help.aliyun.com/zh/model-studio/error-code#overdue-payment","request_id":"371d60d6-c1a9-94e2-a20c-20a593341d67"}
     🔄 5秒后重试...
     🎨 正在生成图片...
     ⚠️ 失败 (2/3): API Error: 400 - {"code":"Arrearage","message":"Access denied, please make sure your account is in good standing. For details, see: https://help.aliyun.com/zh/model-studio/error-code#overdue-payment","request_id":"10e26796-0b67-9325-96e7-adbadb7384bf"}
     🔄 5秒后重试...
     🎨 正在生成图片...
     ⚠️ 失败 (3/3): API Error: 400 - {"code":"Arrearage","message":"Access denied, please make sure your account is in good standing. For details, see: https://help.aliyun.com/zh/model-studio/error-code#overdue-payment","request_id":"8133de75-2736-90d9-bb1e-7c881b542d41"}
     ❌ 放弃此页
  ⏳ 第 2 页...
     🎨 正在生成图片...
     ⚠️ 失败 (1/3): API Error: 400 - {"code":"Arrearage","message":"Access denied, please make sure your account is in good standing. For details, see: https://help.aliyun.com/zh/model-studio/error-code#overdue-payment","request_id":"e69990a4-1d72-9a33-aaff-8c788a4849b9"}
     🔄 5秒后重试...
     🎨 正在生成图片...
     ⚠️ 失败 (2/3): API Error: 400 - {"code":"Arrearage","message":"Access denied, please make sure your account is in good standing. For details, see: https://help.aliyun.com/zh/model-studio/error-code#overdue-payment","request_id":"3f8a0573-3c42-9191-a5e8-7c69207844e8"}
     🔄 5秒后重试...
     🎨 正在生成图片...
     ⚠️ 失败 (3/3): API Error: 400 - {"code":"Arrearage","message":"Access denied, please make sure your account is in good standing. For details, see: https://help.aliyun.com/zh/model-studio/error-code#overdue-payment","request_id":"c5231507-9517-99e2-957d-0e33ebf3aad4"}
     ❌ 放弃此页
  ⏳ 第 3 页...
     🎨 正在生成图片...
     ⚠️ 失败 (1/3): API Error: 400 - {"code":"Arrearage","message":"Access denied, please make sure your account is in good standing. For details, see: https://help.aliyun.com/zh/model-studio/error-code#overdue-payment","request_id":"eb5f6c06-64df-90f9-9645-d4a43c9e13ee"}
     🔄 5秒后重试...
     🎨 正在生成图片...
     ⚠️ 失败 (2/3): API Error: 400 - {"code":"Arrearage","message":"Access denied, please make sure your account is in good standing. For details, see: https://help.aliyun.com/zh/model-studio/error-code#overdue-payment","request_id":"05274050-f2cd-9181-a717-ec0e8a75b7ce"}
     🔄 5秒后重试...
     🎨 正在生成图片...
     ⚠️ 失败 (3/3): API Error: 400 - {"code":"Arrearage","message":"Access denied, please make sure your account is in good standing. For details, see: https://help.aliyun.com/zh/model-studio/error-code#overdue-payment","request_id":"807ec962-a82f-94fc-8c5b-bc46c71d83ca"}
     ❌ 放弃此页
  ⏳ 第 4 页...
     🎨 正在生成图片...
     ⚠️ 失败 (1/3): API Error: 400 - {"code":"Arrearage","message":"Access denied, please make sure your account is in good standing. For details, see: https://help.aliyun.com/zh/model-studio/error-code#overdue-payment","request_id":"92647ec8-e183-9f2b-946b-6f64f196f206"}
     🔄 5秒后重试...
     🎨 正在生成图片...
     ⚠️ 失败 (2/3): API Error: 400 - {"code":"Arrearage","message":"Access denied, please make sure your account is in good standing. For details, see: https://help.aliyun.com/zh/model-studio/error-code#overdue-payment","request_id":"741fbae3-6798-9555-9cdb-0ab7781787c3"}
     🔄 5秒后重试...
     🎨 正在生成图片...
     ⚠️ 失败 (3/3): API Error: 400 - {"code":"Arrearage","message":"Access denied, please make sure your account is in good standing. For details, see: https://help.aliyun.com/zh/model-studio/error-code#overdue-payment","request_id":"7c92cb66-7ea3-965e-bf39-5d51a744dc75"}
     ❌ 放弃此页
  ⏳ 第 5 页...
     🎨 正在生成图片...
     ⚠️ 失败 (1/3): API Error: 400 - {"code":"Arrearage","message":"Access denied, please make sure your account is in good standing. For details, see: https://help.aliyun.com/zh/model-studio/error-code#overdue-payment","request_id":"2a27eaef-7c6e-9966-85e2-0095046d3b03"}
     🔄 5秒后重试...
     🎨 正在生成图片...
     ⚠️ 失败 (2/3): API Error: 400 - {"code":"Arrearage","message":"Access denied, please make sure your account is in good standing. For details, see: https://help.aliyun.com/zh/model-studio/error-code#overdue-payment","request_id":"4b88b13b-b95e-9a0c-a9bb-3af2fd9b0a99"}
     🔄 5秒后重试...
     🎨 正在生成图片...
     ⚠️ 失败 (3/3): API Error: 400 - {"code":"Arrearage","message":"Access denied, please make sure your account is in good standing. For details, see: https://help.aliyun.com/zh/model-studio/error-code#overdue-payment","request_id":"ec68ad9b-4a1f-9330-92cf-2682c93a3e37"}
     ❌ 放弃此页
  ⏳ 第 6 页...
     🎨 正在生成图片...
     ⚠️ 失败 (1/3): API Error: 400 - {"code":"Arrearage","message":"Access denied, please make sure your account is in good standing. For details, see: https://help.aliyun.com/zh/model-studio/error-code#overdue-payment","request_id":"8c9c8d68-55d0-98d2-ac10-de3cbb72822c"}
     🔄 5秒后重试...
     🎨 正在生成图片...
     ⚠️ 失败 (2/3): API Error: 400 - {"code":"Arrearage","message":"Access denied, please make sure your account is in good standing. For details, see: https://help.aliyun.com/zh/model-studio/error-code#overdue-payment","request_id":"242d82b6-dfda-940f-8265-15413a1b1689"}
     🔄 5秒后重试...
     🎨 正在生成图片...
     ⚠️ 失败 (3/3): API Error: 400 - {"code":"Arrearage","message":"Access denied, please make sure your account is in good standing. For details, see: https://help.aliyun.com/zh/model-studio/error-code#overdue-payment","request_id":"9fd7008c-ea07-9b18-b150-bb67065d2a0b"}
     ❌ 放弃此页
  ⏳ 第 7 页...
     🎨 正在生成图片...
     ⚠️ 失败 (1/3): API Error: 400 - {"code":"Arrearage","message":"Access denied, please make sure your account is in good standing. For details, see: https://help.aliyun.com/zh/model-studio/error-code#overdue-payment","request_id":"aa22b12e-f6ff-9878-9121-17c284825e2a"}
     🔄 5秒后重试...
     🎨 正在生成图片...
     ⚠️ 失败 (2/3): API Error: 400 - {"code":"Arrearage","message":"Access denied, please make sure your account is in good standing. For details, see: https://help.aliyun.com/zh/model-studio/error-code#overdue-payment","request_id":"77f53904-6d9b-900f-996b-ec85ab015f1c"}
     🔄 5秒后重试...
     🎨 正在生成图片...
     ⚠️ 失败 (3/3): API Error: 400 - {"code":"Arrearage","message":"Access denied, please make sure your account is in good standing. For details, see: https://help.aliyun.com/zh/model-studio/error-code#overdue-payment","request_id":"ce1ac07a-ecfa-919a-9112-e88651e13994"}
     ❌ 放弃此页
  ⏳ 第 8 页...
     🎨 正在生成图片...
     ⚠️ 失败 (1/3): API Error: 400 - {"code":"Arrearage","message":"Access denied, please make sure your account is in good standing. For details, see: https://help.aliyun.com/zh/model-studio/error-code#overdue-payment","request_id":"a881997e-553f-9c1e-9740-c562d9b1c8a1"}
     🔄 5秒后重试...
     🎨 正在生成图片...
     ⚠️ 失败 (2/3): API Error: 400 - {"code":"Arrearage","message":"Access denied, please make sure your account is in good standing. For details, see: https://help.aliyun.com/zh/model-studio/error-code#overdue-payment","request_id":"f79c83ca-909c-9d51-a428-a3b3457af10c"}
     🔄 5秒后重试...
     🎨 正在生成图片...
     ⚠️ 失败 (3/3): API Error: 400 - {"code":"Arrearage","message":"Access denied, please make sure your account is in good standing. For details, see: https://help.aliyun.com/zh/model-studio/error-code#overdue-payment","request_id":"79319809-544a-9ca0-a80f-f2741146710d"}
     ❌ 放弃此页


💾 保存URL映射文件...


═══════════════════════════════════════════════════
📊 生成完成统计
═══════════════════════════════════════════════════
总计: 160 张
成功: 134 张
跳过: 5 张 (已存在)
失败: 21 张
═══════════════════════════════════════════════════

❌ 失败详情:
  - north-wind-sun 第4页: API Error: 400 - {"code":"Arrearage","message":"Access denied, please make sure your account is in good standing. For details, see: https://help.aliyun.com/zh/model-studio/error-code#overdue-payment","request_id":"150ef3c5-bc05-908d-a61a-e3e391f02ad4"}
  - north-wind-sun 第5页: API Error: 400 - {"code":"Arrearage","message":"Access denied, please make sure your account is in good standing. For details, see: https://help.aliyun.com/zh/model-studio/error-code#overdue-payment","request_id":"0891e2d0-bf98-9c0a-a730-446a089fb844"}
  - north-wind-sun 第6页: API Error: 400 - {"code":"Arrearage","message":"Access denied, please make sure your account is in good standing. For details, see: https://help.aliyun.com/zh/model-studio/error-code#overdue-payment","request_id":"6a71644d-0eee-9f79-ac8b-6a1c77734cd2"}
  - north-wind-sun 第7页: API Error: 400 - {"code":"Arrearage","message":"Access denied, please make sure your account is in good standing. For details, see: https://help.aliyun.com/zh/model-studio/error-code#overdue-payment","request_id":"1aa52ea4-a3b5-9700-98f6-458190f6243c"}
  - north-wind-sun 第8页: API Error: 400 - {"code":"Arrearage","message":"Access denied, please make sure your account is in good standing. For details, see: https://help.aliyun.com/zh/model-studio/error-code#overdue-payment","request_id":"a17c3e26-ed3b-987f-9566-73a09b65076d"}
  - alaaddin 第1页: API Error: 400 - {"code":"Arrearage","message":"Access denied, please make sure your account is in good standing. For details, see: https://help.aliyun.com/zh/model-studio/error-code#overdue-payment","request_id":"8d7011e8-3818-995e-ba70-bbb84f09b0fb"}
  - alaaddin 第2页: API Error: 400 - {"code":"Arrearage","message":"Access denied, please make sure your account is in good standing. For details, see: https://help.aliyun.com/zh/model-studio/error-code#overdue-payment","request_id":"e268782d-e301-9846-8cf4-30a5a0ed31df"}
  - alaaddin 第3页: API Error: 400 - {"code":"Arrearage","message":"Access denied, please make sure your account is in good standing. For details, see: https://help.aliyun.com/zh/model-studio/error-code#overdue-payment","request_id":"470c458e-0ad0-9218-805c-f61bb770fbeb"}
  - alaaddin 第4页: API Error: 400 - {"code":"Arrearage","message":"Access denied, please make sure your account is in good standing. For details, see: https://help.aliyun.com/zh/model-studio/error-code#overdue-payment","request_id":"fe7a386c-827f-96bc-a5c1-116c3d3a0508"}
  - alaaddin 第5页: API Error: 400 - {"code":"Arrearage","message":"Access denied, please make sure your account is in good standing. For details, see: https://help.aliyun.com/zh/model-studio/error-code#overdue-payment","request_id":"c67b73e9-92e9-9f06-8495-ba34a0a4438a"}
  - alaaddin 第6页: API Error: 400 - {"code":"Arrearage","message":"Access denied, please make sure your account is in good standing. For details, see: https://help.aliyun.com/zh/model-studio/error-code#overdue-payment","request_id":"cfc8597e-35ef-91ce-ae08-ddd0f67d7bd0"}
  - alaaddin 第7页: API Error: 400 - {"code":"Arrearage","message":"Access denied, please make sure your account is in good standing. For details, see: https://help.aliyun.com/zh/model-studio/error-code#overdue-payment","request_id":"0e0bbaec-ac5d-9634-b3ce-31aa59f69566"}
  - alaaddin 第8页: API Error: 400 - {"code":"Arrearage","message":"Access denied, please make sure your account is in good standing. For details, see: https://help.aliyun.com/zh/model-studio/error-code#overdue-payment","request_id":"c94c3888-28f4-98d9-bc60-f95add467280"}
  - ali-baba 第1页: API Error: 400 - {"code":"Arrearage","message":"Access denied, please make sure your account is in good standing. For details, see: https://help.aliyun.com/zh/model-studio/error-code#overdue-payment","request_id":"8133de75-2736-90d9-bb1e-7c881b542d41"}
  - ali-baba 第2页: API Error: 400 - {"code":"Arrearage","message":"Access denied, please make sure your account is in good standing. For details, see: https://help.aliyun.com/zh/model-studio/error-code#overdue-payment","request_id":"c5231507-9517-99e2-957d-0e33ebf3aad4"}
  - ali-baba 第3页: API Error: 400 - {"code":"Arrearage","message":"Access denied, please make sure your account is in good standing. For details, see: https://help.aliyun.com/zh/model-studio/error-code#overdue-payment","request_id":"807ec962-a82f-94fc-8c5b-bc46c71d83ca"}
  - ali-baba 第4页: API Error: 400 - {"code":"Arrearage","message":"Access denied, please make sure your account is in good standing. For details, see: https://help.aliyun.com/zh/model-studio/error-code#overdue-payment","request_id":"7c92cb66-7ea3-965e-bf39-5d51a744dc75"}
  - ali-baba 第5页: API Error: 400 - {"code":"Arrearage","message":"Access denied, please make sure your account is in good standing. For details, see: https://help.aliyun.com/zh/model-studio/error-code#overdue-payment","request_id":"ec68ad9b-4a1f-9330-92cf-2682c93a3e37"}
  - ali-baba 第6页: API Error: 400 - {"code":"Arrearage","message":"Access denied, please make sure your account is in good standing. For details, see: https://help.aliyun.com/zh/model-studio/error-code#overdue-payment","request_id":"9fd7008c-ea07-9b18-b150-bb67065d2a0b"}
  - ali-baba 第7页: API Error: 400 - {"code":"Arrearage","message":"Access denied, please make sure your account is in good standing. For details, see: https://help.aliyun.com/zh/model-studio/error-code#overdue-payment","request_id":"ce1ac07a-ecfa-919a-9112-e88651e13994"}
  - ali-baba 第8页: API Error: 400 - {"code":"Arrearage","message":"Access denied, please make sure your account is in good standing. For details, see: https://help.aliyun.com/zh/model-studio/error-code#overdue-payment","request_id":"79319809-544a-9ca0-a80f-f2741146710d"}
