🚀 开始生成经典故事库绘本插图...
📊 共 20 个故事，160 张图片


📖 处理故事: 丑小鸭 (ugly-duckling)
  ⏳ 第 1 页...
     ⏭️  已存在，跳过
  ⏳ 第 2 页...
     ⏭️  已存在，跳过
  ⏳ 第 3 页...
     ⏭️  已存在，跳过
  ⏳ 第 4 页...
     ⏭️  已存在，跳过
  ⏳ 第 5 页...
     ⏭️  已存在，跳过
  ⏳ 第 6 页...
     ⏭️  已存在，跳过
  ⏳ 第 7 页...
     ⏭️  已存在，跳过
  ⏳ 第 8 页...
     ⏭️  已存在，跳过

📖 处理故事: 拇指姑娘 (thumbelina)
  ⏳ 第 1 页...
     ⏭️  已存在，跳过
  ⏳ 第 2 页...
     ⏭️  已存在，跳过
  ⏳ 第 3 页...
     ⏭️  已存在，跳过
  ⏳ 第 4 页...
     ⏭️  已存在，跳过
  ⏳ 第 5 页...
     ⏭️  已存在，跳过
  ⏳ 第 6 页...
     ⏭️  已存在，跳过
  ⏳ 第 7 页...
     ⏭️  已存在，跳过
  ⏳ 第 8 页...
     ⏭️  已存在，跳过

📖 处理故事: 小意达的花儿 (flower-of-ida)
  ⏳ 第 1 页...
     ⏭️  已存在，跳过
  ⏳ 第 2 页...
     ⏭️  已存在，跳过
  ⏳ 第 3 页...
     ⏭️  已存在，跳过
  ⏳ 第 4 页...
     ⏭️  已存在，跳过
  ⏳ 第 5 页...
     ⏭️  已存在，跳过
  ⏳ 第 6 页...
     ⏭️  已存在，跳过
  ⏳ 第 7 页...
     ⏭️  已存在，跳过
  ⏳ 第 8 页...
